

================================================================
== Vitis HLS Report for 'gemm'
================================================================
* Date:           Sat Jan 24 01:15:46 2026

* Version:        2025.1 (Build 6135595 on May 21 2025)
* Project:        gemm_syn
* Solution:       solution_gemm (Vivado IP Flow Target)
* Product family: zynq
* Target device:  xc7z020-clg484-1


================================================================
== Performance Estimates
================================================================
+ Timing: 
    * Summary: 
    +--------+----------+----------+------------+
    |  Clock |  Target  | Estimated| Uncertainty|
    +--------+----------+----------+------------+
    |ap_clk  |  10.00 ns|  7.297 ns|     2.70 ns|
    +--------+----------+----------+------------+

+ Latency: 
    * Summary: 
    +---------+---------+-----------+-----------+---------+---------+---------+
    |  Latency (cycles) |   Latency (absolute)  |      Interval     | Pipeline|
    |   min   |   max   |    min    |    max    |   min   |   max   |   Type  |
    +---------+---------+-----------+-----------+---------+---------+---------+
    |  4202625|  4202625|  42.026 ms|  42.026 ms|  4202626|  4202626|       no|
    +---------+---------+-----------+-----------+---------+---------+---------+

    + Detail: 
        * Instance: 
        N/A

        * Loop: 
        +------------+---------+---------+----------+-----------+-----------+------+----------+
        |            |  Latency (cycles) | Iteration|  Initiation Interval  | Trip |          |
        |  Loop Name |   min   |   max   |  Latency |  achieved |   target  | Count| Pipelined|
        +------------+---------+---------+----------+-----------+-----------+------+----------+
        |- outer     |  4202624|  4202624|     65666|          -|          -|    64|        no|
        | + middle   |    65664|    65664|      1026|          -|          -|    64|        no|
        |  ++ inner  |     1024|     1024|        16|          -|          -|    64|        no|
        +------------+---------+---------+----------+-----------+-----------+------+----------+



================================================================
== Utilization Estimates
================================================================
* Summary: 
+-----------------+---------+-----+--------+-------+-----+
|       Name      | BRAM_18K| DSP |   FF   |  LUT  | URAM|
+-----------------+---------+-----+--------+-------+-----+
|DSP              |        -|    -|       -|      -|    -|
|Expression       |        -|    -|       0|    123|    -|
|FIFO             |        -|    -|       -|      -|    -|
|Instance         |        -|   14|     972|   1727|    -|
|Memory           |        -|    -|       -|      -|    -|
|Multiplexer      |        -|    -|       0|    136|    -|
|Register         |        -|    -|     330|      -|    -|
+-----------------+---------+-----+--------+-------+-----+
|Total            |        0|   14|    1302|   1986|    0|
+-----------------+---------+-----+--------+-------+-----+
|Available        |      280|  220|  106400|  53200|    0|
+-----------------+---------+-----+--------+-------+-----+
|Utilization (%)  |        0|    6|       1|      3|    0|
+-----------------+---------+-----+--------+-------+-----+

+ Detail: 
    * Instance: 
    +-----------------------------------+--------------------------------+---------+----+-----+------+-----+
    |              Instance             |             Module             | BRAM_18K| DSP|  FF |  LUT | URAM|
    +-----------------------------------+--------------------------------+---------+----+-----+------+-----+
    |dadd_64ns_64ns_64_7_full_dsp_1_U1  |dadd_64ns_64ns_64_7_full_dsp_1  |        0|   3|  630|  1141|    0|
    |dmul_64ns_64ns_64_7_max_dsp_1_U2   |dmul_64ns_64ns_64_7_max_dsp_1   |        0|  11|  342|   586|    0|
    +-----------------------------------+--------------------------------+---------+----+-----+------+-----+
    |Total                              |                                |        0|  14|  972|  1727|    0|
    +-----------------------------------+--------------------------------+---------+----+-----+------+-----+

    * DSP: 
    N/A

    * Memory: 
    N/A

    * FIFO: 
    N/A

    * Expression: 
    +----------------------+----------+----+---+----+------------+------------+
    |     Variable Name    | Operation| DSP| FF| LUT| Bitwidth P0| Bitwidth P1|
    +----------------------+----------+----+---+----+------------+------------+
    |add_ln12_fu_196_p2    |         +|   0|  0|  14|           7|           1|
    |add_ln14_1_fu_228_p2  |         +|   0|  0|  12|          12|          12|
    |add_ln14_fu_218_p2    |         +|   0|  0|  12|          12|          12|
    |add_ln17_fu_238_p2    |         +|   0|  0|  12|          12|          12|
    |add_ln8_fu_152_p2     |         +|   0|  0|  14|           7|           1|
    |add_ln9_fu_176_p2     |         +|   0|  0|  14|           7|           1|
    |icmp_ln12_fu_190_p2   |      icmp|   0|  0|  15|           7|           8|
    |icmp_ln8_fu_146_p2    |      icmp|   0|  0|  15|           7|           8|
    |icmp_ln9_fu_170_p2    |      icmp|   0|  0|  15|           7|           8|
    +----------------------+----------+----+---+----+------------+------------+
    |Total                 |          |   0|  0| 123|          78|          63|
    +----------------------+----------+----+---+----+------------+------------+

    * Multiplexer: 
    +-------------+-----+-----------+-----+-----------+
    |     Name    | LUT | Input Size| Bits| Total Bits|
    +-------------+-----+-----------+-----+-----------+
    |ap_NS_fsm    |  100|         20|    1|         20|
    |i_fu_52      |    9|          2|    7|         14|
    |j_reg_95     |    9|          2|    7|         14|
    |k_reg_106    |    9|          2|    7|         14|
    |sum_reg_117  |    9|          2|   64|        128|
    +-------------+-----+-----------+-----+-----------+
    |Total        |  136|         28|   86|        190|
    +-------------+-----+-----------+-----+-----------+

    * Register: 
    +------------------+----+----+-----+-----------+
    |       Name       | FF | LUT| Bits| Const Bits|
    +------------------+----+----+-----+-----------+
    |add_ln12_reg_298  |   7|   0|    7|          0|
    |add_ln8_reg_270   |   7|   0|    7|          0|
    |add_ln9_reg_284   |   7|   0|    7|          0|
    |ap_CS_fsm         |  19|   0|   19|          0|
    |i_fu_52           |   7|   0|    7|          0|
    |j_reg_95          |   7|   0|    7|          0|
    |k_reg_106         |   7|   0|    7|          0|
    |m1_load_reg_313   |  64|   0|   64|          0|
    |m2_load_reg_318   |  64|   0|   64|          0|
    |mult_reg_333      |  64|   0|   64|          0|
    |sum_reg_117       |  64|   0|   64|          0|
    |tmp_1_reg_275     |   6|   0|   12|          6|
    |zext_ln9_reg_289  |   7|   0|   12|          5|
    +------------------+----+----+-----+-----------+
    |Total             | 330|   0|  341|         11|
    +------------------+----+----+-----+-----------+



================================================================
== Interface
================================================================
* Summary: 
+---------------+-----+-----+------------+--------------+--------------+
|   RTL Ports   | Dir | Bits|  Protocol  | Source Object|    C Type    |
+---------------+-----+-----+------------+--------------+--------------+
|ap_clk         |   in|    1|  ap_ctrl_hs|          gemm|  return value|
|ap_rst         |   in|    1|  ap_ctrl_hs|          gemm|  return value|
|ap_start       |   in|    1|  ap_ctrl_hs|          gemm|  return value|
|ap_done        |  out|    1|  ap_ctrl_hs|          gemm|  return value|
|ap_idle        |  out|    1|  ap_ctrl_hs|          gemm|  return value|
|ap_ready       |  out|    1|  ap_ctrl_hs|          gemm|  return value|
|m1_address0    |  out|   12|   ap_memory|            m1|         array|
|m1_ce0         |  out|    1|   ap_memory|            m1|         array|
|m1_q0          |   in|   64|   ap_memory|            m1|         array|
|m2_address0    |  out|   12|   ap_memory|            m2|         array|
|m2_ce0         |  out|    1|   ap_memory|            m2|         array|
|m2_q0          |   in|   64|   ap_memory|            m2|         array|
|prod_address0  |  out|   12|   ap_memory|          prod|         array|
|prod_ce0       |  out|    1|   ap_memory|          prod|         array|
|prod_we0       |  out|    1|   ap_memory|          prod|         array|
|prod_d0        |  out|   64|   ap_memory|          prod|         array|
+---------------+-----+-----+------------+--------------+--------------+

