#-----------------------------------------------------------
# Vivado v2025.1 (64-bit)
# SW Build 6140274 on Wed May 21 22:58:25 MDT 2025
# IP Build 6138677 on Thu May 22 03:10:11 MDT 2025
# SharedData Build 6139179 on Tue May 20 17:58:58 MDT 2025
# Start of session at: Thu Jan 22 10:37:20 2026
# Process ID         : 3528357
# Current directory  : /home/jjh/RL_test/for_ironman/hls_componentsolution_tmp/hls/impl/verilog
# Command line       : vivado -mode batch -source run_vivado.tcl
# Log file           : /home/jjh/RL_test/for_ironman/hls_componentsolution_tmp/hls/impl/verilog/vivado.log
# Journal file       : /home/jjh/RL_test/for_ironman/hls_componentsolution_tmp/hls/impl/verilog/vivado.jou
# Running On         : woong-Super-Server
# Platform           : Ubuntu
# Operating System   : Ubuntu 24.04.3 LTS
# Processor Detail   : Intel(R) Xeon(R) W-3235 CPU @ 3.30GHz
# CPU Frequency      : 3700.017 MHz
# CPU Physical cores : 12
# CPU Logical cores  : 24
# Host memory        : 201168 MB
# Swap memory        : 16000 MB
# Total Virtual      : 217169 MB
# Available Virtual  : 125434 MB
#-----------------------------------------------------------
source run_vivado.tcl
